Flow report for DDS_top
Wed Mar 25 20:42:20 2015
Quartus II Version 9.0 Build 235 06/17/2009 Service Pack 2 SJ Web Edition


---------------------
; Table of Contents ;
---------------------
  1. Legal Notice
  2. Flow Summary
  3. Flow Settings
  4. Flow Non-Default Global Settings
  5. Flow Elapsed Time
  6. Flow OS Summary
  7. Flow Log



----------------
; Legal Notice ;
----------------
Copyright (C) 1991-2009 Altera Corporation
Your use of Altera Corporation's design tools, logic functions 
and other software and tools, and its AMPP partner logic 
functions, and any output files from any of the foregoing 
(including device programming or simulation files), and any 
associated documentation or information are expressly subject 
to the terms and conditions of the Altera Program License 
Subscription Agreement, Altera MegaCore Function License 
Agreement, or other applicable license agreement, including, 
without limitation, that your use is for the sole purpose of 
programming logic devices manufactured by Altera and sold by 
Altera or its authorized distributors.  Please refer to the 
applicable agreement for further details.



+-----------------------------------------------------------------------------------+
; Flow Summary                                                                      ;
+------------------------------------+----------------------------------------------+
; Flow Status                        ; Successful - Wed Mar 25 20:42:19 2015        ;
; Quartus II Version                 ; 9.0 Build 235 06/17/2009 SP 2 SJ Web Edition ;
; Revision Name                      ; DDS_top                                      ;
; Top-level Entity Name              ; DDS_top                                      ;
; Family                             ; Cyclone II                                   ;
; Device                             ; EP2C5T144C8                                  ;
; Timing Models                      ; Final                                        ;
; Met timing requirements            ; No                                           ;
; Total logic elements               ; 365 / 4,608 ( 8 % )                          ;
;     Total combinational functions  ; 363 / 4,608 ( 8 % )                          ;
;     Dedicated logic registers      ; 122 / 4,608 ( 3 % )                          ;
; Total registers                    ; 122                                          ;
; Total pins                         ; 19 / 89 ( 21 % )                             ;
; Total virtual pins                 ; 0                                            ;
; Total memory bits                  ; 30,720 / 119,808 ( 26 % )                    ;
; Embedded Multiplier 9-bit elements ; 0 / 26 ( 0 % )                               ;
; Total PLLs                         ; 0 / 2 ( 0 % )                                ;
+------------------------------------+----------------------------------------------+


+-----------------------------------------+
; Flow Settings                           ;
+-------------------+---------------------+
; Option            ; Setting             ;
+-------------------+---------------------+
; Start date & time ; 03/25/2015 20:41:47 ;
; Main task         ; Compilation         ;
; Revision Name     ; DDS_top             ;
+-------------------+---------------------+


+--------------------------------------------------------------------------------------------------------------------------------------------------------------------------+
; Flow Non-Default Global Settings                                                                                                                                         ;
+------------------------------------+--------------------------------------------------------------------------------------+---------------+-------------+----------------+
; Assignment Name                    ; Value                                                                                ; Default Value ; Entity Name ; Section Id     ;
+------------------------------------+--------------------------------------------------------------------------------------+---------------+-------------+----------------+
; COMPILER_SIGNATURE_ID              ; 1099038682543.142728730605696                                                        ; --            ; --          ; --             ;
; EDA_OUTPUT_DATA_FORMAT             ; Vhdl                                                                                 ; --            ; --          ; eda_simulation ;
; EDA_SIMULATION_TOOL                ; ModelSim (VHDL)                                                                      ; <None>        ; --          ; --             ;
; EDA_TIME_SCALE                     ; 1 ps                                                                                 ; --            ; --          ; eda_simulation ;
; IP_TOOL_NAME                       ; ROM: 1-PORT                                                                          ; --            ; --          ; --             ;
; IP_TOOL_NAME                       ; ROM: 1-PORT                                                                          ; --            ; --          ; --             ;
; IP_TOOL_NAME                       ; ROM: 1-PORT                                                                          ; --            ; --          ; --             ;
; IP_TOOL_VERSION                    ; 9.0                                                                                  ; --            ; --          ; --             ;
; IP_TOOL_VERSION                    ; 9.0                                                                                  ; --            ; --          ; --             ;
; IP_TOOL_VERSION                    ; 9.0                                                                                  ; --            ; --          ; --             ;
; MAX_CORE_JUNCTION_TEMP             ; 85                                                                                   ; --            ; --          ; --             ;
; MIN_CORE_JUNCTION_TEMP             ; 0                                                                                    ; --            ; --          ; --             ;
; MISC_FILE                          ; F:/王家燃/wjr_project/VHDL例程/进阶实验例程/基于DDS的任意信号发生器_VHDL/DDS_top.dpf ; --            ; --          ; --             ;
; MISC_FILE                          ; G:/project/基于FPGA的任意波形发生器/project_VHDL/DDS_top.dpf                         ; --            ; --          ; --             ;
; MISC_FILE                          ; sin.inc                                                                              ; --            ; --          ; --             ;
; MISC_FILE                          ; squ.inc                                                                              ; --            ; --          ; --             ;
; MISC_FILE                          ; tri_rom.inc                                                                          ; --            ; --          ; --             ;
; PARTITION_COLOR                    ; 16764057                                                                             ; --            ; --          ; Top            ;
; PARTITION_NETLIST_TYPE             ; SOURCE                                                                               ; --            ; --          ; Top            ;
; USE_GENERATED_PHYSICAL_CONSTRAINTS ; Off                                                                                  ; --            ; --          ; eda_blast_fpga ;
+------------------------------------+--------------------------------------------------------------------------------------+---------------+-------------+----------------+


+-----------------------------------------------------------------------------------------------------------------------------+
; Flow Elapsed Time                                                                                                           ;
+-------------------------+--------------+-------------------------+---------------------+------------------------------------+
; Module Name             ; Elapsed Time ; Average Processors Used ; Peak Virtual Memory ; Total CPU Time (on all processors) ;
+-------------------------+--------------+-------------------------+---------------------+------------------------------------+
; Analysis & Synthesis    ; 00:00:12     ; 1.0                     ; 203 MB              ; 00:00:11                           ;
; Fitter                  ; 00:00:08     ; 1.3                     ; 194 MB              ; 00:00:08                           ;
; Assembler               ; 00:00:02     ; 1.0                     ; 159 MB              ; 00:00:02                           ;
; Classic Timing Analyzer ; 00:00:02     ; 1.0                     ; 126 MB              ; 00:00:01                           ;
; Total                   ; 00:00:24     ; --                      ; --                  ; 00:00:22                           ;
+-------------------------+--------------+-------------------------+---------------------+------------------------------------+


+---------------------------------------------------------------------------------------+
; Flow OS Summary                                                                       ;
+-------------------------+------------------+------------+------------+----------------+
; Module Name             ; Machine Hostname ; OS Name    ; OS Version ; Processor type ;
+-------------------------+------------------+------------+------------+----------------+
; Analysis & Synthesis    ; PCPE             ; Windows XP ; 5.1        ; i686           ;
; Fitter                  ; PCPE             ; Windows XP ; 5.1        ; i686           ;
; Assembler               ; PCPE             ; Windows XP ; 5.1        ; i686           ;
; Classic Timing Analyzer ; PCPE             ; Windows XP ; 5.1        ; i686           ;
+-------------------------+------------------+------------+------------+----------------+


------------
; Flow Log ;
------------
quartus_map --read_settings_files=on --write_settings_files=off DDS_top -c DDS_top
quartus_fit --read_settings_files=off --write_settings_files=off DDS_top -c DDS_top
quartus_asm --read_settings_files=off --write_settings_files=off DDS_top -c DDS_top
quartus_tan --read_settings_files=off --write_settings_files=off DDS_top -c DDS_top --timing_analysis_only



